// Jest Snapshot v1, https://goo.gl/fbAQLP

exports[`Profile edit view renders container with the child component successfully 1`] = `
ShallowWrapper {
  Symbol(enzyme.__root__): [Circular],
  Symbol(enzyme.__unrendered__): <ProfileEditView
    getPrivateDataThunk={
      [MockFunction] {
        "calls": Array [
          Array [
            "profiles/null",
            [Function],
          ],
        ],
        "results": Array [
          Object {
            "isThrow": false,
            "value": undefined,
          },
        ],
      }
    }
    history={
      Object {
        "push": [MockFunction],
      }
    }
    postDataThunk={[MockFunction]}
    profile={
      Object {
        "profile": Object {
          "bio": "I love sports and tech",
          "email": "bill.twinomuhwezi@andela.com",
          "following": false,
          "image": null,
          "username": "kabanga",
        },
      }
    }
  />,
  Symbol(enzyme.__renderer__): Object {
    "batchedUpdates": [Function],
    "checkPropTypes": [Function],
    "getNode": [Function],
    "render": [Function],
    "simulateError": [Function],
    "simulateEvent": [Function],
    "unmount": [Function],
  },
  Symbol(enzyme.__node__): Object {
    "instance": null,
    "key": undefined,
    "nodeType": "host",
    "props": Object {
      "children": Array [
        <NavBar
          createArticle={[Function]}
          keyPress={[Function]}
          searchClick={[Function]}
          searchInput={[Function]}
        />,
        <ProfileEdit
          onChange={[Function]}
          onClick={[Function]}
          onClickChange={[Function]}
          onSubmit={[Function]}
          profile={
            Object {
              "bio": "I love sports and tech",
              "email": "bill.twinomuhwezi@andela.com",
              "following": false,
              "image": null,
              "username": "kabanga",
            }
          }
          state={null}
        />,
      ],
    },
    "ref": null,
    "rendered": Array [
      Object {
        "instance": null,
        "key": undefined,
        "nodeType": "function",
        "props": Object {
          "createArticle": [Function],
          "keyPress": [Function],
          "searchClick": [Function],
          "searchInput": [Function],
        },
        "ref": null,
        "rendered": null,
        "type": [Function],
      },
      Object {
        "instance": null,
        "key": undefined,
        "nodeType": "class",
        "props": Object {
          "onChange": [Function],
          "onClick": [Function],
          "onClickChange": [Function],
          "onSubmit": [Function],
          "profile": Object {
            "bio": "I love sports and tech",
            "email": "bill.twinomuhwezi@andela.com",
            "following": false,
            "image": null,
            "username": "kabanga",
          },
          "state": null,
        },
        "ref": null,
        "rendered": null,
        "type": [Function],
      },
    ],
    "type": "div",
  },
  Symbol(enzyme.__nodes__): Array [
    Object {
      "instance": null,
      "key": undefined,
      "nodeType": "host",
      "props": Object {
        "children": Array [
          <NavBar
            createArticle={[Function]}
            keyPress={[Function]}
            searchClick={[Function]}
            searchInput={[Function]}
          />,
          <ProfileEdit
            onChange={[Function]}
            onClick={[Function]}
            onClickChange={[Function]}
            onSubmit={[Function]}
            profile={
              Object {
                "bio": "I love sports and tech",
                "email": "bill.twinomuhwezi@andela.com",
                "following": false,
                "image": null,
                "username": "kabanga",
              }
            }
            state={null}
          />,
        ],
      },
      "ref": null,
      "rendered": Array [
        Object {
          "instance": null,
          "key": undefined,
          "nodeType": "function",
          "props": Object {
            "createArticle": [Function],
            "keyPress": [Function],
            "searchClick": [Function],
            "searchInput": [Function],
          },
          "ref": null,
          "rendered": null,
          "type": [Function],
        },
        Object {
          "instance": null,
          "key": undefined,
          "nodeType": "class",
          "props": Object {
            "onChange": [Function],
            "onClick": [Function],
            "onClickChange": [Function],
            "onSubmit": [Function],
            "profile": Object {
              "bio": "I love sports and tech",
              "email": "bill.twinomuhwezi@andela.com",
              "following": false,
              "image": null,
              "username": "kabanga",
            },
            "state": null,
          },
          "ref": null,
          "rendered": null,
          "type": [Function],
        },
      ],
      "type": "div",
    },
  ],
  Symbol(enzyme.__options__): Object {
    "adapter": ReactSixteenAdapter {
      "options": Object {
        "enableComponentDidUpdateOnSetState": true,
        "legacyContextMode": "parent",
        "lifecycles": Object {
          "componentDidUpdate": Object {
            "onSetState": true,
          },
          "getChildContext": Object {
            "calledByRenderer": false,
          },
          "getDerivedStateFromProps": true,
          "getSnapshotBeforeUpdate": true,
          "setState": Object {
            "skipsComponentDidUpdateOnNullish": true,
          },
        },
      },
    },
  },
}
`;
